Archive member included to satisfy reference by file (symbol)

c:/st/stm32cubeide_1.7.0/stm32cubeide/plugins/com.st.stm32cube.ide.mcu.externaltools.gnu-tools-for-stm32.10.3-2021.10.win32_1.0.200.202301161003/tools/bin/../lib/gcc/arm-none-eabi/10.3.1/../../../../arm-none-eabi/lib/thumb/v7e-m+fp/hard\libc_nano.a(lib_a-exit.o)
                              c:/st/stm32cubeide_1.7.0/stm32cubeide/plugins/com.st.stm32cube.ide.mcu.externaltools.gnu-tools-for-stm32.10.3-2021.10.win32_1.0.200.202301161003/tools/bin/../lib/gcc/arm-none-eabi/10.3.1/../../../../arm-none-eabi/lib/thumb/v7e-m+fp/hard/crt0.o (exit)
c:/st/stm32cubeide_1.7.0/stm32cubeide/plugins/com.st.stm32cube.ide.mcu.externaltools.gnu-tools-for-stm32.10.3-2021.10.win32_1.0.200.202301161003/tools/bin/../lib/gcc/arm-none-eabi/10.3.1/../../../../arm-none-eabi/lib/thumb/v7e-m+fp/hard\libc_nano.a(lib_a-impure.o)
                              c:/st/stm32cubeide_1.7.0/stm32cubeide/plugins/com.st.stm32cube.ide.mcu.externaltools.gnu-tools-for-stm32.10.3-2021.10.win32_1.0.200.202301161003/tools/bin/../lib/gcc/arm-none-eabi/10.3.1/../../../../arm-none-eabi/lib/thumb/v7e-m+fp/hard\libc_nano.a(lib_a-exit.o) (_global_impure_ptr)
c:/st/stm32cubeide_1.7.0/stm32cubeide/plugins/com.st.stm32cube.ide.mcu.externaltools.gnu-tools-for-stm32.10.3-2021.10.win32_1.0.200.202301161003/tools/bin/../lib/gcc/arm-none-eabi/10.3.1/../../../../arm-none-eabi/lib/thumb/v7e-m+fp/hard\libc_nano.a(lib_a-init.o)
                              c:/st/stm32cubeide_1.7.0/stm32cubeide/plugins/com.st.stm32cube.ide.mcu.externaltools.gnu-tools-for-stm32.10.3-2021.10.win32_1.0.200.202301161003/tools/bin/../lib/gcc/arm-none-eabi/10.3.1/../../../../arm-none-eabi/lib/thumb/v7e-m+fp/hard/crt0.o (__libc_init_array)
c:/st/stm32cubeide_1.7.0/stm32cubeide/plugins/com.st.stm32cube.ide.mcu.externaltools.gnu-tools-for-stm32.10.3-2021.10.win32_1.0.200.202301161003/tools/bin/../lib/gcc/arm-none-eabi/10.3.1/../../../../arm-none-eabi/lib/thumb/v7e-m+fp/hard\libc_nano.a(lib_a-memset.o)
                              c:/st/stm32cubeide_1.7.0/stm32cubeide/plugins/com.st.stm32cube.ide.mcu.externaltools.gnu-tools-for-stm32.10.3-2021.10.win32_1.0.200.202301161003/tools/bin/../lib/gcc/arm-none-eabi/10.3.1/../../../../arm-none-eabi/lib/thumb/v7e-m+fp/hard/crt0.o (memset)
c:/st/stm32cubeide_1.7.0/stm32cubeide/plugins/com.st.stm32cube.ide.mcu.externaltools.gnu-tools-for-stm32.10.3-2021.10.win32_1.0.200.202301161003/tools/bin/../lib/gcc/arm-none-eabi/10.3.1/../../../../arm-none-eabi/lib/thumb/v7e-m+fp/hard\libnosys.a(_exit.o)
                              c:/st/stm32cubeide_1.7.0/stm32cubeide/plugins/com.st.stm32cube.ide.mcu.externaltools.gnu-tools-for-stm32.10.3-2021.10.win32_1.0.200.202301161003/tools/bin/../lib/gcc/arm-none-eabi/10.3.1/../../../../arm-none-eabi/lib/thumb/v7e-m+fp/hard\libc_nano.a(lib_a-exit.o) (_exit)

Discarded input sections

 .text          0x0000000000000000        0x0 c:/st/stm32cubeide_1.7.0/stm32cubeide/plugins/com.st.stm32cube.ide.mcu.externaltools.gnu-tools-for-stm32.10.3-2021.10.win32_1.0.200.202301161003/tools/bin/../lib/gcc/arm-none-eabi/10.3.1/thumb/v7e-m+fp/hard/crti.o
 .data          0x0000000000000000        0x0 c:/st/stm32cubeide_1.7.0/stm32cubeide/plugins/com.st.stm32cube.ide.mcu.externaltools.gnu-tools-for-stm32.10.3-2021.10.win32_1.0.200.202301161003/tools/bin/../lib/gcc/arm-none-eabi/10.3.1/thumb/v7e-m+fp/hard/crti.o
 .bss           0x0000000000000000        0x0 c:/st/stm32cubeide_1.7.0/stm32cubeide/plugins/com.st.stm32cube.ide.mcu.externaltools.gnu-tools-for-stm32.10.3-2021.10.win32_1.0.200.202301161003/tools/bin/../lib/gcc/arm-none-eabi/10.3.1/thumb/v7e-m+fp/hard/crti.o
 .data          0x0000000000000000        0x4 c:/st/stm32cubeide_1.7.0/stm32cubeide/plugins/com.st.stm32cube.ide.mcu.externaltools.gnu-tools-for-stm32.10.3-2021.10.win32_1.0.200.202301161003/tools/bin/../lib/gcc/arm-none-eabi/10.3.1/thumb/v7e-m+fp/hard/crtbegin.o
 .rodata        0x0000000000000000       0x24 c:/st/stm32cubeide_1.7.0/stm32cubeide/plugins/com.st.stm32cube.ide.mcu.externaltools.gnu-tools-for-stm32.10.3-2021.10.win32_1.0.200.202301161003/tools/bin/../lib/gcc/arm-none-eabi/10.3.1/thumb/v7e-m+fp/hard/crtbegin.o
 .text          0x0000000000000000       0x7c c:/st/stm32cubeide_1.7.0/stm32cubeide/plugins/com.st.stm32cube.ide.mcu.externaltools.gnu-tools-for-stm32.10.3-2021.10.win32_1.0.200.202301161003/tools/bin/../lib/gcc/arm-none-eabi/10.3.1/../../../../arm-none-eabi/lib/thumb/v7e-m+fp/hard/crt0.o
 .data          0x0000000000000000        0x0 c:/st/stm32cubeide_1.7.0/stm32cubeide/plugins/com.st.stm32cube.ide.mcu.externaltools.gnu-tools-for-stm32.10.3-2021.10.win32_1.0.200.202301161003/tools/bin/../lib/gcc/arm-none-eabi/10.3.1/../../../../arm-none-eabi/lib/thumb/v7e-m+fp/hard/crt0.o
[...]
Memory Configuration

Name             Origin             Length             Attributes
CCMRAM           0x0000000010000000 0x0000000000010000 xrw
RAM              0x0000000020000000 0x0000000000020000 xrw
FLASH            0x0000000008000000 0x0000000000100000 xr
*default*        0x0000000000000000 0xffffffffffffffff

Linker script and memory map

LOAD c:/st/stm32cubeide_1.7.0/stm32cubeide/plugins/com.st.stm32cube.ide.mcu.externaltools.gnu-tools-for-stm32.10.3-2021.10.win32_1.0.200.202301161003/tools/bin/../lib/gcc/arm-none-eabi/10.3.1/thumb/v7e-m+fp/hard/crti.o
LOAD c:/st/stm32cubeide_1.7.0/stm32cubeide/plugins/com.st.stm32cube.ide.mcu.externaltools.gnu-tools-for-stm32.10.3-2021.10.win32_1.0.200.202301161003/tools/bin/../lib/gcc/arm-none-eabi/10.3.1/thumb/v7e-m+fp/hard/crtbegin.o
LOAD c:/st/stm32cubeide_1.7.0/stm32cubeide/plugins/com.st.stm32cube.ide.mcu.externaltools.gnu-tools-for-stm32.10.3-2021.10.win32_1.0.200.202301161003/tools/bin/../lib/gcc/arm-none-eabi/10.3.1/../../../../arm-none-eabi/lib/thumb/v7e-m+fp/hard/crt0.o
LOAD ./Core/Src/main.o
LOAD ./Core/Src/misc.o
LOAD ./Core/Src/startup_stm32f4xx.o
LOAD ./Core/Src/stm32_ub_vga_screen.o
LOAD ./Core/Src/stm32f4xx_dma.o
LOAD ./Core/Src/stm32f4xx_gpio.o
LOAD ./Core/Src/stm32f4xx_rcc.o
LOAD ./Core/Src/stm32f4xx_tim.o
LOAD ./Core/Src/system_stm32f4xx.o
LOAD ./Core/Startup/startup_stm32f407vgtx.o
LOAD ./Drivers/STM32F4xx_HAL_Driver/Src/stm32f4xx_hal.o
LOAD ./Drivers/STM32F4xx_HAL_Driver/Src/stm32f4xx_hal_cortex.o
LOAD ./Drivers/STM32F4xx_HAL_Driver/Src/stm32f4xx_hal_dma.o
LOAD ./Drivers/STM32F4xx_HAL_Driver/Src/stm32f4xx_hal_dma_ex.o
LOAD ./Drivers/STM32F4xx_HAL_Driver/Src/stm32f4xx_hal_exti.o
LOAD ./Drivers/STM32F4xx_HAL_Driver/Src/stm32f4xx_hal_flash.o
LOAD ./Drivers/STM32F4xx_HAL_Driver/Src/stm32f4xx_hal_flash_ex.o
LOAD ./Drivers/STM32F4xx_HAL_Driver/Src/stm32f4xx_hal_flash_ramfunc.o
LOAD ./Drivers/STM32F4xx_HAL_Driver/Src/stm32f4xx_hal_gpio.o
LOAD ./Drivers/STM32F4xx_HAL_Driver/Src/stm32f4xx_hal_pwr.o
LOAD ./Drivers/STM32F4xx_HAL_Driver/Src/stm32f4xx_hal_pwr_ex.o
LOAD ./Drivers/STM32F4xx_HAL_Driver/Src/stm32f4xx_hal_rcc.o
LOAD ./Drivers/STM32F4xx_HAL_Driver/Src/stm32f4xx_hal_rcc_ex.o
LOAD ./Drivers/STM32F4xx_HAL_Driver/Src/stm32f4xx_hal_tim.o
LOAD ./Drivers/STM32F4xx_HAL_Driver/Src/stm32f4xx_hal_tim_ex.o
START GROUP
LOAD c:/st/stm32cubeide_1.7.0/stm32cubeide/plugins/com.st.stm32cube.ide.mcu.externaltools.gnu-tools-for-stm32.10.3-2021.10.win32_1.0.200.202301161003/tools/bin/../lib/gcc/arm-none-eabi/10.3.1/../../../../arm-none-eabi/lib/thumb/v7e-m+fp/hard\libc_nano.a
LOAD c:/st/stm32cubeide_1.7.0/stm32cubeide/plugins/com.st.stm32cube.ide.mcu.externaltools.gnu-tools-for-stm32.10.3-2021.10.win32_1.0.200.202301161003/tools/bin/../lib/gcc/arm-none-eabi/10.3.1/../../../../arm-none-eabi/lib/thumb/v7e-m+fp/hard\libm.a
END GROUP
START GROUP
LOAD c:/st/stm32cubeide_1.7.0/stm32cubeide/plugins/com.st.stm32cube.ide.mcu.externaltools.gnu-tools-for-stm32.10.3-2021.10.win32_1.0.200.202301161003/tools/bin/../lib/gcc/arm-none-eabi/10.3.1/thumb/v7e-m+fp/hard\libgcc.a
LOAD c:/st/stm32cubeide_1.7.0/stm32cubeide/plugins/com.st.stm32cube.ide.mcu.externaltools.gnu-tools-for-stm32.10.3-2021.10.win32_1.0.200.202301161003/tools/bin/../lib/gcc/arm-none-eabi/10.3.1/../../../../arm-none-eabi/lib/thumb/v7e-m+fp/hard\libc_nano.a
END GROUP
START GROUP
LOAD c:/st/stm32cubeide_1.7.0/stm32cubeide/plugins/com.st.stm32cube.ide.mcu.externaltools.gnu-tools-for-stm32.10.3-2021.10.win32_1.0.200.202301161003/tools/bin/../lib/gcc/arm-none-eabi/10.3.1/thumb/v7e-m+fp/hard\libgcc.a
LOAD c:/st/stm32cubeide_1.7.0/stm32cubeide/plugins/com.st.stm32cube.ide.mcu.externaltools.gnu-tools-for-stm32.10.3-2021.10.win32_1.0.200.202301161003/tools/bin/../lib/gcc/arm-none-eabi/10.3.1/../../../../arm-none-eabi/lib/thumb/v7e-m+fp/hard\libc_nano.a
LOAD c:/st/stm32cubeide_1.7.0/stm32cubeide/plugins/com.st.stm32cube.ide.mcu.externaltools.gnu-tools-for-stm32.10.3-2021.10.win32_1.0.200.202301161003/tools/bin/../lib/gcc/arm-none-eabi/10.3.1/../../../../arm-none-eabi/lib/thumb/v7e-m+fp/hard\libnosys.a
END GROUP
START GROUP
LOAD c:/st/stm32cubeide_1.7.0/stm32cubeide/plugins/com.st.stm32cube.ide.mcu.externaltools.gnu-tools-for-stm32.10.3-2021.10.win32_1.0.200.202301161003/tools/bin/../lib/gcc/arm-none-eabi/10.3.1/thumb/v7e-m+fp/hard\libgcc.a
LOAD c:/st/stm32cubeide_1.7.0/stm32cubeide/plugins/com.st.stm32cube.ide.mcu.externaltools.gnu-tools-for-stm32.10.3-2021.10.win32_1.0.200.202301161003/tools/bin/../lib/gcc/arm-none-eabi/10.3.1/../../../../arm-none-eabi/lib/thumb/v7e-m+fp/hard\libc_nano.a
LOAD c:/st/stm32cubeide_1.7.0/stm32cubeide/plugins/com.st.stm32cube.ide.mcu.externaltools.gnu-tools-for-stm32.10.3-2021.10.win32_1.0.200.202301161003/tools/bin/../lib/gcc/arm-none-eabi/10.3.1/../../../../arm-none-eabi/lib/thumb/v7e-m+fp/hard\libnosys.a
END GROUP
LOAD c:/st/stm32cubeide_1.7.0/stm32cubeide/plugins/com.st.stm32cube.ide.mcu.externaltools.gnu-tools-for-stm32.10.3-2021.10.win32_1.0.200.202301161003/tools/bin/../lib/gcc/arm-none-eabi/10.3.1/thumb/v7e-m+fp/hard/crtend.o
LOAD c:/st/stm32cubeide_1.7.0/stm32cubeide/plugins/com.st.stm32cube.ide.mcu.externaltools.gnu-tools-for-stm32.10.3-2021.10.win32_1.0.200.202301161003/tools/bin/../lib/gcc/arm-none-eabi/10.3.1/thumb/v7e-m+fp/hard/crtn.o
                0x0000000020020000                _estack = (ORIGIN (RAM) + LENGTH (RAM))
                0x0000000000000200                _Min_Heap_Size = 0x200
                0x0000000000000400                _Min_Stack_Size = 0x400

.isr_vector     0x0000000008000000      0x188
                0x0000000008000000                . = ALIGN (0x4)
 *(.isr_vector)
 .isr_vector    0x0000000008000000      0x188 ./Core/Startup/startup_stm32f407vgtx.o
                0x0000000008000000                g_pfnVectors
                0x0000000008000188                . = ALIGN (0x4)

.text           0x0000000008000188     0x1278
                0x0000000008000188                . = ALIGN (0x4)
 *(.text)
 .text          0x0000000008000188       0x40 c:/st/stm32cubeide_1.7.0/stm32cubeide/plugins/com.st.stm32cube.ide.mcu.externaltools.gnu-tools-for-stm32.10.3-2021.10.win32_1.0.200.202301161003/tools/bin/../lib/gcc/arm-none-eabi/10.3.1/thumb/v7e-m+fp/hard/crtbegin.o
 *(.text*)
 .text.main     0x00000000080001c8       0x14 ./Core/Src/main.o
                0x00000000080001c8                main
 .text.NVIC_Init
                0x00000000080001dc       0xc4 ./Core/Src/misc.o
                0x00000000080001dc                NVIC_Init
 .text.UB_VGA_Screen_Init
                0x00000000080002a0       0x80 ./Core/Src/stm32_ub_vga_screen.o
                0x00000000080002a0                UB_VGA_Screen_Init
 .text.UB_VGA_FillScreen
                0x0000000008000320       0x46 ./Core/Src/stm32_ub_vga_screen.o
                0x0000000008000320                UB_VGA_FillScreen
 *fill*         0x0000000008000366        0x2 
 .text.UB_VGA_SetPixel
                0x0000000008000368       0x50 ./Core/Src/stm32_ub_vga_screen.o
                0x0000000008000368                UB_VGA_SetPixel
 .text.P_VGA_InitIO
                0x00000000080003b8       0xa8 ./Core/Src/stm32_ub_vga_screen.o
                0x00000000080003b8                P_VGA_InitIO
 .text.P_VGA_InitTIM
                0x0000000008000460       0xcc ./Core/Src/stm32_ub_vga_screen.o
                0x0000000008000460                P_VGA_InitTIM
 .text.P_VGA_InitINT
                0x000000000800052c       0x58 ./Core/Src/stm32_ub_vga_screen.o
                0x000000000800052c                P_VGA_InitINT
 .text.P_VGA_InitDMA
                0x0000000008000584       0x90 ./Core/Src/stm32_ub_vga_screen.o
                0x0000000008000584                P_VGA_InitDMA
 .text.TIM2_IRQHandler
                0x0000000008000614       0xbc ./Core/Src/stm32_ub_vga_screen.o
                0x0000000008000614                TIM2_IRQHandler
 .text.DMA2_Stream5_IRQHandler
                0x00000000080006d0       0x4c ./Core/Src/stm32_ub_vga_screen.o
                0x00000000080006d0                DMA2_Stream5_IRQHandler
 .text.DMA_DeInit
                0x000000000800071c      0x1a8 ./Core/Src/stm32f4xx_dma.o
                0x000000000800071c                DMA_DeInit
 .text.DMA_Init
                0x00000000080008c4       0xb0 ./Core/Src/stm32f4xx_dma.o
                0x00000000080008c4                DMA_Init
 .text.DMA_Cmd  0x0000000008000974       0x38 ./Core/Src/stm32f4xx_dma.o
                0x0000000008000974                DMA_Cmd
 .text.DMA_ITConfig
                0x00000000080009ac       0x74 ./Core/Src/stm32f4xx_dma.o
                0x00000000080009ac                DMA_ITConfig
 .text.DMA_GetITStatus
                0x0000000008000a20       0xb0 ./Core/Src/stm32f4xx_dma.o
                0x0000000008000a20                DMA_GetITStatus
 .text.DMA_ClearITPendingBit
                0x0000000008000ad0       0x5c ./Core/Src/stm32f4xx_dma.o
                0x0000000008000ad0                DMA_ClearITPendingBit
 .text.GPIO_Init
                0x0000000008000b2c      0x11e ./Core/Src/stm32f4xx_gpio.o
                0x0000000008000b2c                GPIO_Init
 .text.GPIO_PinAFConfig
                0x0000000008000c4a       0x92 ./Core/Src/stm32f4xx_gpio.o
                0x0000000008000c4a                GPIO_PinAFConfig
 .text.RCC_AHB1PeriphClockCmd
                0x0000000008000cdc       0x40 ./Core/Src/stm32f4xx_rcc.o
                0x0000000008000cdc                RCC_AHB1PeriphClockCmd
 .text.RCC_APB1PeriphClockCmd
                0x0000000008000d1c       0x40 ./Core/Src/stm32f4xx_rcc.o
                0x0000000008000d1c                RCC_APB1PeriphClockCmd
 .text.RCC_APB2PeriphClockCmd
                0x0000000008000d5c       0x40 ./Core/Src/stm32f4xx_rcc.o
                0x0000000008000d5c                RCC_APB2PeriphClockCmd
 .text.TIM_TimeBaseInit
                0x0000000008000d9c       0xd8 ./Core/Src/stm32f4xx_tim.o
                0x0000000008000d9c                TIM_TimeBaseInit
 .text.TIM_ARRPreloadConfig
                0x0000000008000e74       0x40 ./Core/Src/stm32f4xx_tim.o
                0x0000000008000e74                TIM_ARRPreloadConfig
 .text.TIM_Cmd  0x0000000008000eb4       0x40 ./Core/Src/stm32f4xx_tim.o
                0x0000000008000eb4                TIM_Cmd
 .text.TIM_OC3Init
                0x0000000008000ef4      0x10c ./Core/Src/stm32f4xx_tim.o
                0x0000000008000ef4                TIM_OC3Init
 .text.TIM_OC4Init
                0x0000000008001000       0xd0 ./Core/Src/stm32f4xx_tim.o
                0x0000000008001000                TIM_OC4Init
 .text.TIM_OC3PreloadConfig
                0x00000000080010d0       0x38 ./Core/Src/stm32f4xx_tim.o
                0x00000000080010d0                TIM_OC3PreloadConfig
 .text.TIM_OC4PreloadConfig
                0x0000000008001108       0x3c ./Core/Src/stm32f4xx_tim.o
                0x0000000008001108                TIM_OC4PreloadConfig
 .text.TIM_ITConfig
                0x0000000008001144       0x48 ./Core/Src/stm32f4xx_tim.o
                0x0000000008001144                TIM_ITConfig
 .text.TIM_ClearITPendingBit
                0x000000000800118c       0x22 ./Core/Src/stm32f4xx_tim.o
                0x000000000800118c                TIM_ClearITPendingBit
 .text.TIM_DMACmd
                0x00000000080011ae       0x48 ./Core/Src/stm32f4xx_tim.o
                0x00000000080011ae                TIM_DMACmd
 *fill*         0x00000000080011f6        0x2 
 .text.SystemInit
                0x00000000080011f8       0x5c ./Core/Src/system_stm32f4xx.o
                0x00000000080011f8                SystemInit
 .text.SetSysClock
                0x0000000008001254       0xf8 ./Core/Src/system_stm32f4xx.o
 .text.Reset_Handler
                0x000000000800134c       0x50 ./Core/Startup/startup_stm32f407vgtx.o
                0x000000000800134c                Reset_Handler
 .text.Default_Handler
                0x000000000800139c        0x2 ./Core/Startup/startup_stm32f407vgtx.o
                0x000000000800139c                RTC_Alarm_IRQHandler
                0x000000000800139c                HASH_RNG_IRQHandler
                0x000000000800139c                EXTI2_IRQHandler
                0x000000000800139c                TIM8_CC_IRQHandler
                0x000000000800139c                DebugMon_Handler
                0x000000000800139c                TIM1_CC_IRQHandler
                0x000000000800139c                HardFault_Handler
                0x000000000800139c                DMA1_Stream5_IRQHandler
                0x000000000800139c                SysTick_Handler
                0x000000000800139c                PVD_IRQHandler
                0x000000000800139c                SDIO_IRQHandler
                0x000000000800139c                TAMP_STAMP_IRQHandler
                0x000000000800139c                PendSV_Handler
                0x000000000800139c                NMI_Handler
                0x000000000800139c                CAN2_RX1_IRQHandler
                0x000000000800139c                EXTI3_IRQHandler
                0x000000000800139c                TIM8_TRG_COM_TIM14_IRQHandler
                0x000000000800139c                TIM1_UP_TIM10_IRQHandler
                0x000000000800139c                TIM8_UP_TIM13_IRQHandler
                0x000000000800139c                I2C3_ER_IRQHandler
                0x000000000800139c                EXTI0_IRQHandler
                0x000000000800139c                I2C2_EV_IRQHandler
                0x000000000800139c                DMA1_Stream2_IRQHandler
                0x000000000800139c                CAN1_RX0_IRQHandler
                0x000000000800139c                FPU_IRQHandler
                0x000000000800139c                OTG_HS_WKUP_IRQHandler
                0x000000000800139c                UsageFault_Handler
                0x000000000800139c                CAN2_SCE_IRQHandler
                0x000000000800139c                DMA2_Stream2_IRQHandler
                0x000000000800139c                SPI1_IRQHandler
                0x000000000800139c                TIM6_DAC_IRQHandler
                0x000000000800139c                TIM1_BRK_TIM9_IRQHandler
                0x000000000800139c                DCMI_IRQHandler
                0x000000000800139c                CAN2_RX0_IRQHandler
                0x000000000800139c                DMA2_Stream3_IRQHandler
                0x000000000800139c                USART6_IRQHandler
                0x000000000800139c                USART3_IRQHandler
                0x000000000800139c                CAN1_RX1_IRQHandler
                0x000000000800139c                UART5_IRQHandler
                0x000000000800139c                DMA2_Stream0_IRQHandler
                0x000000000800139c                TIM4_IRQHandler
                0x000000000800139c                I2C1_EV_IRQHandler
                0x000000000800139c                DMA1_Stream6_IRQHandler
                0x000000000800139c                DMA1_Stream1_IRQHandler
                0x000000000800139c                UART4_IRQHandler
                0x000000000800139c                TIM3_IRQHandler
                0x000000000800139c                RCC_IRQHandler
                0x000000000800139c                TIM8_BRK_TIM12_IRQHandler
                0x000000000800139c                Default_Handler
                0x000000000800139c                EXTI15_10_IRQHandler
                0x000000000800139c                ADC_IRQHandler
                0x000000000800139c                DMA1_Stream7_IRQHandler
                0x000000000800139c                TIM7_IRQHandler
                0x000000000800139c                CAN2_TX_IRQHandler
                0x000000000800139c                TIM5_IRQHandler
                0x000000000800139c                DMA2_Stream7_IRQHandler
                0x000000000800139c                I2C3_EV_IRQHandler
                0x000000000800139c                EXTI9_5_IRQHandler
                0x000000000800139c                RTC_WKUP_IRQHandler
                0x000000000800139c                ETH_WKUP_IRQHandler
                0x000000000800139c                SPI2_IRQHandler
                0x000000000800139c                OTG_HS_EP1_IN_IRQHandler
                0x000000000800139c                MemManage_Handler
                0x000000000800139c                DMA1_Stream0_IRQHandler
                0x000000000800139c                CAN1_TX_IRQHandler
                0x000000000800139c                SVC_Handler
                0x000000000800139c                EXTI4_IRQHandler
                0x000000000800139c                FSMC_IRQHandler
                0x000000000800139c                ETH_IRQHandler
                0x000000000800139c                OTG_HS_EP1_OUT_IRQHandler
                0x000000000800139c                WWDG_IRQHandler
                0x000000000800139c                OTG_FS_WKUP_IRQHandler
                0x000000000800139c                TIM1_TRG_COM_TIM11_IRQHandler
                0x000000000800139c                OTG_HS_IRQHandler
                0x000000000800139c                EXTI1_IRQHandler
                0x000000000800139c                USART2_IRQHandler
                0x000000000800139c                I2C2_ER_IRQHandler
                0x000000000800139c                DMA2_Stream1_IRQHandler
                0x000000000800139c                CAN1_SCE_IRQHandler
                0x000000000800139c                FLASH_IRQHandler
                0x000000000800139c                DMA2_Stream4_IRQHandler
                0x000000000800139c                BusFault_Handler
                0x000000000800139c                USART1_IRQHandler
                0x000000000800139c                OTG_FS_IRQHandler
                0x000000000800139c                SPI3_IRQHandler
                0x000000000800139c                DMA1_Stream4_IRQHandler
                0x000000000800139c                I2C1_ER_IRQHandler
                0x000000000800139c                DMA2_Stream6_IRQHandler
                0x000000000800139c                DMA1_Stream3_IRQHandler
 *fill*         0x000000000800139e        0x2 
 .text.__libc_init_array
                0x00000000080013a0       0x48 c:/st/stm32cubeide_1.7.0/stm32cubeide/plugins/com.st.stm32cube.ide.mcu.externaltools.gnu-tools-for-stm32.10.3-2021.10.win32_1.0.200.202301161003/tools/bin/../lib/gcc/arm-none-eabi/10.3.1/../../../../arm-none-eabi/lib/thumb/v7e-m+fp/hard\libc_nano.a(lib_a-init.o)
                0x00000000080013a0                __libc_init_array
 *(.glue_7)
 .glue_7        0x00000000080013e8        0x0 linker stubs
 *(.glue_7t)
 .glue_7t       0x00000000080013e8        0x0 linker stubs
 *(.eh_frame)
 .eh_frame      0x00000000080013e8        0x0 c:/st/stm32cubeide_1.7.0/stm32cubeide/plugins/com.st.stm32cube.ide.mcu.externaltools.gnu-tools-for-stm32.10.3-2021.10.win32_1.0.200.202301161003/tools/bin/../lib/gcc/arm-none-eabi/10.3.1/thumb/v7e-m+fp/hard/crtbegin.o
 *(.init)
 .init          0x00000000080013e8        0x4 c:/st/stm32cubeide_1.7.0/stm32cubeide/plugins/com.st.stm32cube.ide.mcu.externaltools.gnu-tools-for-stm32.10.3-2021.10.win32_1.0.200.202301161003/tools/bin/../lib/gcc/arm-none-eabi/10.3.1/thumb/v7e-m+fp/hard/crti.o
                0x00000000080013e8                _init
 .init          0x00000000080013ec        0x8 c:/st/stm32cubeide_1.7.0/stm32cubeide/plugins/com.st.stm32cube.ide.mcu.externaltools.gnu-tools-for-stm32.10.3-2021.10.win32_1.0.200.202301161003/tools/bin/../lib/gcc/arm-none-eabi/10.3.1/thumb/v7e-m+fp/hard/crtn.o
 *(.fini)
 .fini          0x00000000080013f4        0x4 c:/st/stm32cubeide_1.7.0/stm32cubeide/plugins/com.st.stm32cube.ide.mcu.externaltools.gnu-tools-for-stm32.10.3-2021.10.win32_1.0.200.202301161003/tools/bin/../lib/gcc/arm-none-eabi/10.3.1/thumb/v7e-m+fp/hard/crti.o
                0x00000000080013f4                _fini
 .fini          0x00000000080013f8        0x8 c:/st/stm32cubeide_1.7.0/stm32cubeide/plugins/com.st.stm32cube.ide.mcu.externaltools.gnu-tools-for-stm32.10.3-2021.10.win32_1.0.200.202301161003/tools/bin/../lib/gcc/arm-none-eabi/10.3.1/thumb/v7e-m+fp/hard/crtn.o
                0x0000000008001400                . = ALIGN (0x4)
                0x0000000008001400                _etext = .

.vfp11_veneer   0x0000000008001400        0x0
 .vfp11_veneer  0x0000000008001400        0x0 linker stubs

.v4_bx          0x0000000008001400        0x0
 .v4_bx         0x0000000008001400        0x0 linker stubs

.iplt           0x0000000008001400        0x0
 .iplt          0x0000000008001400        0x0 c:/st/stm32cubeide_1.7.0/stm32cubeide/plugins/com.st.stm32cube.ide.mcu.externaltools.gnu-tools-for-stm32.10.3-2021.10.win32_1.0.200.202301161003/tools/bin/../lib/gcc/arm-none-eabi/10.3.1/thumb/v7e-m+fp/hard/crtbegin.o

.rel.dyn        0x0000000008001400        0x0
 .rel.iplt      0x0000000008001400        0x0 c:/st/stm32cubeide_1.7.0/stm32cubeide/plugins/com.st.stm32cube.ide.mcu.externaltools.gnu-tools-for-stm32.10.3-2021.10.win32_1.0.200.202301161003/tools/bin/../lib/gcc/arm-none-eabi/10.3.1/thumb/v7e-m+fp/hard/crtbegin.o

.rodata         0x0000000008001400        0x0
                0x0000000008001400                . = ALIGN (0x4)
 *(.rodata)
 *(.rodata*)
                0x0000000008001400                . = ALIGN (0x4)

.ARM.extab      0x0000000008001400        0x0
                0x0000000008001400                . = ALIGN (0x4)
 *(.ARM.extab* .gnu.linkonce.armextab.*)
                0x0000000008001400                . = ALIGN (0x4)

.ARM            0x0000000008001400        0x0
                0x0000000008001400                . = ALIGN (0x4)
                0x0000000008001400                __exidx_start = .
 *(.ARM.exidx*)
                0x0000000008001400                __exidx_end = .
                0x0000000008001400                . = ALIGN (0x4)

.preinit_array  0x0000000008001400        0x0
                0x0000000008001400                . = ALIGN (0x4)
                0x0000000008001400                PROVIDE (__preinit_array_start = .)
 *(.preinit_array*)
                0x0000000008001400                PROVIDE (__preinit_array_end = .)
                0x0000000008001400                . = ALIGN (0x4)

.init_array     0x0000000008001400        0x4
                0x0000000008001400                . = ALIGN (0x4)
                0x0000000008001400                PROVIDE (__init_array_start = .)
 *(SORT_BY_NAME(.init_array.*))
 *(.init_array*)
 .init_array    0x0000000008001400        0x4 c:/st/stm32cubeide_1.7.0/stm32cubeide/plugins/com.st.stm32cube.ide.mcu.externaltools.gnu-tools-for-stm32.10.3-2021.10.win32_1.0.200.202301161003/tools/bin/../lib/gcc/arm-none-eabi/10.3.1/thumb/v7e-m+fp/hard/crtbegin.o
                0x0000000008001404                PROVIDE (__init_array_end = .)
                0x0000000008001404                . = ALIGN (0x4)

.fini_array     0x0000000008001404        0x4
                0x0000000008001404                . = ALIGN (0x4)
                [!provide]                        PROVIDE (__fini_array_start = .)
 *(SORT_BY_NAME(.fini_array.*))
 *(.fini_array*)
 .fini_array    0x0000000008001404        0x4 c:/st/stm32cubeide_1.7.0/stm32cubeide/plugins/com.st.stm32cube.ide.mcu.externaltools.gnu-tools-for-stm32.10.3-2021.10.win32_1.0.200.202301161003/tools/bin/../lib/gcc/arm-none-eabi/10.3.1/thumb/v7e-m+fp/hard/crtbegin.o
                [!provide]                        PROVIDE (__fini_array_end = .)
                0x0000000008001408                . = ALIGN (0x4)
                0x0000000008001408                _sidata = LOADADDR (.data)

.data           0x0000000020000000        0x0 load address 0x0000000008001408
                0x0000000020000000                . = ALIGN (0x4)
                0x0000000020000000                _sdata = .
 *(.data)
 *(.data*)
                0x0000000020000000                . = ALIGN (0x4)
                0x0000000020000000                _edata = .

.igot.plt       0x0000000020000000        0x0 load address 0x0000000008001408
 .igot.plt      0x0000000020000000        0x0 c:/st/stm32cubeide_1.7.0/stm32cubeide/plugins/com.st.stm32cube.ide.mcu.externaltools.gnu-tools-for-stm32.10.3-2021.10.win32_1.0.200.202301161003/tools/bin/../lib/gcc/arm-none-eabi/10.3.1/thumb/v7e-m+fp/hard/crtbegin.o
                0x0000000020000000                . = ALIGN (0x4)

.bss            0x0000000020000000    0x12d18 load address 0x0000000008001408
                0x0000000020000000                _sbss = .
                0x0000000020000000                __bss_start__ = _sbss
 *(.bss)
 .bss           0x0000000020000000       0x1c c:/st/stm32cubeide_1.7.0/stm32cubeide/plugins/com.st.stm32cube.ide.mcu.externaltools.gnu-tools-for-stm32.10.3-2021.10.win32_1.0.200.202301161003/tools/bin/../lib/gcc/arm-none-eabi/10.3.1/thumb/v7e-m+fp/hard/crtbegin.o
 *(.bss*)
 .bss.VGA       0x000000002000001c        0xc ./Core/Src/stm32_ub_vga_screen.o
                0x000000002000001c                VGA
 .bss.VGA_RAM1  0x0000000020000028    0x12cf0 ./Core/Src/stm32_ub_vga_screen.o
                0x0000000020000028                VGA_RAM1
 *(COMMON)
                0x0000000020012d18                . = ALIGN (0x4)
                0x0000000020012d18                _ebss = .
                0x0000000020012d18                __bss_end__ = _ebss

._user_heap_stack
                0x0000000020012d18      0x600 load address 0x0000000008001408
                0x0000000020012d18                . = ALIGN (0x8)
                [!provide]                        PROVIDE (end = .)
                [!provide]                        PROVIDE (_end = .)
                0x0000000020012f18                . = (. + _Min_Heap_Size)
 *fill*         0x0000000020012d18      0x200 
                0x0000000020013318                . = (. + _Min_Stack_Size)
 *fill*         0x0000000020012f18      0x400 
                0x0000000020013318                . = ALIGN (0x8)

/DISCARD/
 libc.a(*)
 libm.a(*)
 libgcc.a(*)

.ARM.attributes
                0x0000000000000000       0x30
 *(.ARM.attributes)
 .ARM.attributes
                0x0000000000000000       0x1e c:/st/stm32cubeide_1.7.0/stm32cubeide/plugins/com.st.stm32cube.ide.mcu.externaltools.gnu-tools-for-stm32.10.3-2021.10.win32_1.0.200.202301161003/tools/bin/../lib/gcc/arm-none-eabi/10.3.1/thumb/v7e-m+fp/hard/crti.o
 .ARM.attributes
                0x000000000000001e       0x34 c:/st/stm32cubeide_1.7.0/stm32cubeide/plugins/com.st.stm32cube.ide.mcu.externaltools.gnu-tools-for-stm32.10.3-2021.10.win32_1.0.200.202301161003/tools/bin/../lib/gcc/arm-none-eabi/10.3.1/thumb/v7e-m+fp/hard/crtbegin.o
 .ARM.attributes
                0x0000000000000052       0x34 ./Core/Src/main.o
 .ARM.attributes
                0x0000000000000086       0x34 ./Core/Src/misc.o
 .ARM.attributes
                0x00000000000000ba       0x34 ./Core/Src/stm32_ub_vga_screen.o
 .ARM.attributes
                0x00000000000000ee       0x34 ./Core/Src/stm32f4xx_dma.o
 .ARM.attributes
                0x0000000000000122       0x34 ./Core/Src/stm32f4xx_gpio.o
 .ARM.attributes
                0x0000000000000156       0x34 ./Core/Src/stm32f4xx_rcc.o
 .ARM.attributes
                0x000000000000018a       0x34 ./Core/Src/stm32f4xx_tim.o
 .ARM.attributes
                0x00000000000001be       0x34 ./Core/Src/system_stm32f4xx.o
 .ARM.attributes
                0x00000000000001f2       0x21 ./Core/Startup/startup_stm32f407vgtx.o
 .ARM.attributes
                0x0000000000000213       0x34 c:/st/stm32cubeide_1.7.0/stm32cubeide/plugins/com.st.stm32cube.ide.mcu.externaltools.gnu-tools-for-stm32.10.3-2021.10.win32_1.0.200.202301161003/tools/bin/../lib/gcc/arm-none-eabi/10.3.1/../../../../arm-none-eabi/lib/thumb/v7e-m+fp/hard\libc_nano.a(lib_a-init.o)
 .ARM.attributes
                0x0000000000000247       0x1e c:/st/stm32cubeide_1.7.0/stm32cubeide/plugins/com.st.stm32cube.ide.mcu.externaltools.gnu-tools-for-stm32.10.3-2021.10.win32_1.0.200.202301161003/tools/bin/../lib/gcc/arm-none-eabi/10.3.1/thumb/v7e-m+fp/hard/crtn.o
OUTPUT(VGA.elf elf32-littlearm)
LOAD linker stubs
LOAD c:/st/stm32cubeide_1.7.0/stm32cubeide/plugins/com.st.stm32cube.ide.mcu.externaltools.gnu-tools-for-stm32.10.3-2021.10.win32_1.0.200.202301161003/tools/bin/../lib/gcc/arm-none-eabi/10.3.1/../../../../arm-none-eabi/lib/thumb/v7e-m+fp/hard\libc.a
LOAD c:/st/stm32cubeide_1.7.0/stm32cubeide/plugins/com.st.stm32cube.ide.mcu.externaltools.gnu-tools-for-stm32.10.3-2021.10.win32_1.0.200.202301161003/tools/bin/../lib/gcc/arm-none-eabi/10.3.1/../../../../arm-none-eabi/lib/thumb/v7e-m+fp/hard\libm.a
LOAD c:/st/stm32cubeide_1.7.0/stm32cubeide/plugins/com.st.stm32cube.ide.mcu.externaltools.gnu-tools-for-stm32.10.3-2021.10.win32_1.0.200.202301161003/tools/bin/../lib/gcc/arm-none-eabi/10.3.1/thumb/v7e-m+fp/hard\libgcc.a

.debug_info     0x0000000000000000     0x5329
 .debug_info    0x0000000000000000       0xdc ./Core/Src/main.o
 .debug_info    0x00000000000000dc      0x560 ./Core/Src/misc.o
 .debug_info    0x000000000000063c      0xdc4 ./Core/Src/stm32_ub_vga_screen.o
 .debug_info    0x0000000000001400      0x784 ./Core/Src/stm32f4xx_dma.o
 .debug_info    0x0000000000001b84      0x672 ./Core/Src/stm32f4xx_gpio.o
 .debug_info    0x00000000000021f6      0xcf4 ./Core/Src/stm32f4xx_rcc.o
 .debug_info    0x0000000000002eea     0x1e24 ./Core/Src/stm32f4xx_tim.o
 .debug_info    0x0000000000004d0e      0x5f9 ./Core/Src/system_stm32f4xx.o
 .debug_info    0x0000000000005307       0x22 ./Core/Startup/startup_stm32f407vgtx.o

.debug_abbrev   0x0000000000000000      0xce2
 .debug_abbrev  0x0000000000000000       0x87 ./Core/Src/main.o
 .debug_abbrev  0x0000000000000087      0x173 ./Core/Src/misc.o
 .debug_abbrev  0x00000000000001fa      0x268 ./Core/Src/stm32_ub_vga_screen.o
 .debug_abbrev  0x0000000000000462      0x169 ./Core/Src/stm32f4xx_dma.o
 .debug_abbrev  0x00000000000005cb      0x1df ./Core/Src/stm32f4xx_gpio.o
 .debug_abbrev  0x00000000000007aa      0x203 ./Core/Src/stm32f4xx_rcc.o
 .debug_abbrev  0x00000000000009ad      0x1bb ./Core/Src/stm32f4xx_tim.o
 .debug_abbrev  0x0000000000000b68      0x168 ./Core/Src/system_stm32f4xx.o
 .debug_abbrev  0x0000000000000cd0       0x12 ./Core/Startup/startup_stm32f407vgtx.o

.debug_aranges  0x0000000000000000      0x6c0
 .debug_aranges
                0x0000000000000000       0x20 ./Core/Src/main.o
 .debug_aranges
                0x0000000000000020       0x40 ./Core/Src/misc.o
 .debug_aranges
                0x0000000000000060       0x60 ./Core/Src/stm32_ub_vga_screen.o
 .debug_aranges
                0x00000000000000c0       0xb0 ./Core/Src/stm32f4xx_dma.o
 .debug_aranges
                0x0000000000000170       0x88 ./Core/Src/stm32f4xx_gpio.o
 .debug_aranges
                0x00000000000001f8      0x178 ./Core/Src/stm32f4xx_rcc.o
 .debug_aranges
                0x0000000000000370      0x2f8 ./Core/Src/stm32f4xx_tim.o
 .debug_aranges
                0x0000000000000668       0x30 ./Core/Src/system_stm32f4xx.o
 .debug_aranges
                0x0000000000000698       0x28 ./Core/Startup/startup_stm32f407vgtx.o

.debug_ranges   0x0000000000000000      0x638
 .debug_ranges  0x0000000000000000       0x10 ./Core/Src/main.o
 .debug_ranges  0x0000000000000010       0x30 ./Core/Src/misc.o
 .debug_ranges  0x0000000000000040       0x50 ./Core/Src/stm32_ub_vga_screen.o
 .debug_ranges  0x0000000000000090       0xa0 ./Core/Src/stm32f4xx_dma.o
 .debug_ranges  0x0000000000000130       0x78 ./Core/Src/stm32f4xx_gpio.o
 .debug_ranges  0x00000000000001a8      0x168 ./Core/Src/stm32f4xx_rcc.o
 .debug_ranges  0x0000000000000310      0x2e8 ./Core/Src/stm32f4xx_tim.o
 .debug_ranges  0x00000000000005f8       0x20 ./Core/Src/system_stm32f4xx.o
 .debug_ranges  0x0000000000000618       0x20 ./Core/Startup/startup_stm32f407vgtx.o

.debug_macro    0x0000000000000000     0xd386
 .debug_macro   0x0000000000000000      0x1a1 ./Core/Src/main.o
 .debug_macro   0x00000000000001a1      0xa78 ./Core/Src/main.o
 .debug_macro   0x0000000000000c19       0x63 ./Core/Src/main.o
 .debug_macro   0x0000000000000c7c       0x35 ./Core/Src/main.o
 .debug_macro   0x0000000000000cb1       0x22 ./Core/Src/main.o
 .debug_macro   0x0000000000000cd3       0x8e ./Core/Src/main.o
 .debug_macro   0x0000000000000d61       0x51 ./Core/Src/main.o
 .debug_macro   0x0000000000000db2      0x103 ./Core/Src/main.o
 .debug_macro   0x0000000000000eb5       0x6a ./Core/Src/main.o
 .debug_macro   0x0000000000000f1f      0x1df ./Core/Src/main.o
 .debug_macro   0x00000000000010fe       0x18 ./Core/Src/main.o
 .debug_macro   0x0000000000001116       0x42 ./Core/Src/main.o
 .debug_macro   0x0000000000001158      0x8cb ./Core/Src/main.o
 .debug_macro   0x0000000000001a23     0x8088 ./Core/Src/main.o
 .debug_macro   0x0000000000009aab      0x265 ./Core/Src/main.o
 .debug_macro   0x0000000000009d10      0x538 ./Core/Src/main.o
 .debug_macro   0x000000000000a248      0x73b ./Core/Src/main.o
 .debug_macro   0x000000000000a983       0x7f ./Core/Src/main.o
 .debug_macro   0x000000000000aa02      0x477 ./Core/Src/main.o
 .debug_macro   0x000000000000ae79       0xa6 ./Core/Src/main.o
 .debug_macro   0x000000000000af1f       0x52 ./Core/Src/main.o
 .debug_macro   0x000000000000af71       0x1e ./Core/Src/main.o
 .debug_macro   0x000000000000af8f       0x3c ./Core/Src/main.o
 .debug_macro   0x000000000000afcb       0x34 ./Core/Src/main.o
 .debug_macro   0x000000000000afff      0x174 ./Core/Src/main.o
 .debug_macro   0x000000000000b173       0x16 ./Core/Src/main.o
 .debug_macro   0x000000000000b189       0x43 ./Core/Src/main.o
 .debug_macro   0x000000000000b1cc       0x34 ./Core/Src/main.o
 .debug_macro   0x000000000000b200       0x10 ./Core/Src/main.o
 .debug_macro   0x000000000000b210       0x58 ./Core/Src/main.o
 .debug_macro   0x000000000000b268       0x71 ./Core/Src/main.o
 .debug_macro   0x000000000000b2d9       0x1c ./Core/Src/main.o
 .debug_macro   0x000000000000b2f5      0x12a ./Core/Src/main.o
 .debug_macro   0x000000000000b41f      0x341 ./Core/Src/main.o
 .debug_macro   0x000000000000b760      0x19b ./Core/Src/main.o
 .debug_macro   0x000000000000b8fb       0xc9 ./Core/Src/misc.o
 .debug_macro   0x000000000000b9c4       0x79 ./Core/Src/misc.o
 .debug_macro   0x000000000000ba3d       0x10 ./Core/Src/misc.o
 .debug_macro   0x000000000000ba4d       0xe7 ./Core/Src/stm32_ub_vga_screen.o
 .debug_macro   0x000000000000bb34      0x120 ./Core/Src/stm32f4xx_dma.o
 .debug_macro   0x000000000000bc54      0x471 ./Core/Src/stm32f4xx_dma.o
 .debug_macro   0x000000000000c0c5       0xcc ./Core/Src/stm32f4xx_gpio.o
 .debug_macro   0x000000000000c191      0x25f ./Core/Src/stm32f4xx_gpio.o
 .debug_macro   0x000000000000c3f0      0x16b ./Core/Src/stm32f4xx_rcc.o
 .debug_macro   0x000000000000c55b      0x532 ./Core/Src/stm32f4xx_rcc.o
 .debug_macro   0x000000000000ca8d       0xf6 ./Core/Src/stm32f4xx_tim.o
 .debug_macro   0x000000000000cb83      0x735 ./Core/Src/stm32f4xx_tim.o
 .debug_macro   0x000000000000d2b8       0xce ./Core/Src/system_stm32f4xx.o

.debug_line     0x0000000000000000     0x4670
 .debug_line    0x0000000000000000      0x5b9 ./Core/Src/main.o
 .debug_line    0x00000000000005b9      0x50c ./Core/Src/misc.o
 .debug_line    0x0000000000000ac5      0x725 ./Core/Src/stm32_ub_vga_screen.o
 .debug_line    0x00000000000011ea      0x8ac ./Core/Src/stm32f4xx_dma.o
 .debug_line    0x0000000000001a96      0x724 ./Core/Src/stm32f4xx_gpio.o
 .debug_line    0x00000000000021ba      0xb7e ./Core/Src/stm32f4xx_rcc.o
 .debug_line    0x0000000000002d38     0x134d ./Core/Src/stm32f4xx_tim.o
 .debug_line    0x0000000000004085      0x566 ./Core/Src/system_stm32f4xx.o
 .debug_line    0x00000000000045eb       0x85 ./Core/Startup/startup_stm32f407vgtx.o

.debug_str      0x0000000000000000    0x466ac
 .debug_str     0x0000000000000000    0x43c2c ./Core/Src/main.o
                                      0x43e1d (size before relaxing)
 .debug_str     0x0000000000043c2c      0x2b9 ./Core/Src/misc.o
                                      0x34f36 (size before relaxing)
 .debug_str     0x0000000000043ee5      0xbb7 ./Core/Src/stm32_ub_vga_screen.o
                                      0x411a6 (size before relaxing)
 .debug_str     0x0000000000044a9c      0x525 ./Core/Src/stm32f4xx_dma.o
                                      0x3a9dd (size before relaxing)
 .debug_str     0x0000000000044fc1      0x172 ./Core/Src/stm32f4xx_gpio.o
                                      0x38e57 (size before relaxing)
 .debug_str     0x0000000000045133      0xa80 ./Core/Src/stm32f4xx_rcc.o
                                      0x38230 (size before relaxing)
 .debug_str     0x0000000000045bb3      0x9fa ./Core/Src/stm32f4xx_tim.o
                                      0x3c9c8 (size before relaxing)
 .debug_str     0x00000000000465ad       0xc9 ./Core/Src/system_stm32f4xx.o
                                      0x34a5b (size before relaxing)
 .debug_str     0x0000000000046676       0x36 ./Core/Startup/startup_stm32f407vgtx.o
                                         0x81 (size before relaxing)

.comment        0x0000000000000000       0x50
 .comment       0x0000000000000000       0x50 ./Core/Src/main.o
                                         0x51 (size before relaxing)
 .comment       0x0000000000000050       0x51 ./Core/Src/misc.o
 .comment       0x0000000000000050       0x51 ./Core/Src/stm32_ub_vga_screen.o
 .comment       0x0000000000000050       0x51 ./Core/Src/stm32f4xx_dma.o
 .comment       0x0000000000000050       0x51 ./Core/Src/stm32f4xx_gpio.o
 .comment       0x0000000000000050       0x51 ./Core/Src/stm32f4xx_rcc.o
 .comment       0x0000000000000050       0x51 ./Core/Src/stm32f4xx_tim.o
 .comment       0x0000000000000050       0x51 ./Core/Src/system_stm32f4xx.o

.debug_frame    0x0000000000000000     0x1d60
 .debug_frame   0x0000000000000000       0x2c ./Core/Src/main.o
 .debug_frame   0x000000000000002c       0xd8 ./Core/Src/misc.o
 .debug_frame   0x0000000000000104      0x148 ./Core/Src/stm32_ub_vga_screen.o
 .debug_frame   0x000000000000024c      0x308 ./Core/Src/stm32f4xx_dma.o
 .debug_frame   0x0000000000000554      0x23c ./Core/Src/stm32f4xx_gpio.o
 .debug_frame   0x0000000000000790      0x6d4 ./Core/Src/stm32f4xx_rcc.o
 .debug_frame   0x0000000000000e64      0xe54 ./Core/Src/stm32f4xx_tim.o
 .debug_frame   0x0000000000001cb8       0x7c ./Core/Src/system_stm32f4xx.o
 .debug_frame   0x0000000000001d34       0x2c c:/st/stm32cubeide_1.7.0/stm32cubeide/plugins/com.st.stm32cube.ide.mcu.externaltools.gnu-tools-for-stm32.10.3-2021.10.win32_1.0.200.202301161003/tools/bin/../lib/gcc/arm-none-eabi/10.3.1/../../../../arm-none-eabi/lib/thumb/v7e-m+fp/hard\libc_nano.a(lib_a-init.o)
