../Core/Src/stm32_ub_vga_screen.c:58:6:UB_VGA_Screen_Init	16	static
../Core/Src/stm32_ub_vga_screen.c:93:6:UB_VGA_FillScreen	24	static
../Core/Src/stm32_ub_vga_screen.c:109:6:UB_VGA_SetPixel	16	static
../Core/Src/stm32_ub_vga_screen.c:123:6:P_VGA_InitIO	16	static
../Core/Src/stm32_ub_vga_screen.c:192:6:P_VGA_InitTIM	40	static
../Core/Src/stm32_ub_vga_screen.c:264:6:P_VGA_InitINT	16	static
../Core/Src/stm32_ub_vga_screen.c:305:6:P_VGA_InitDMA	72	static
../Core/Src/stm32_ub_vga_screen.c:350:6:TIM2_IRQHandler	8	static
../Core/Src/stm32_ub_vga_screen.c:406:6:DMA2_Stream5_IRQHandler	8	static
